
> @gypport/platform-os-browser-shell@0.0.0 prebuild
> npm run build --workspace=@gypport/design-system


> @gypport/design-system@0.1.0 build
> vite build && tsc --project tsconfig.build.json

vite v8.2.1 building client environment for production...
[2Ktransforming...✓ 12 modules transformed.
rendering chunks...
computing gzip size...
dist/styles.css  16.13 kB │ gzip: 4.24 kB
dist/index.js     7.77 kB │ gzip: 2.88 kB

✓ built in 161ms

> @gypport/platform-os-browser-shell@0.0.0 build
> vite build

vite v8.2.1 building client environment for production...
[2Ktransforming...✓ 2212 modules transformed.
rendering chunks...
computing gzip size...
dist/index.html                   0.45 kB │ gzip:   0.29 kB
dist/assets/index-LES_P1I3.css  132.77 kB │ gzip:  20.54 kB
dist/assets/index-nG0x_6aG.js   628.55 kB │ gzip: 158.89 kB

✓ built in 1.87s
[plugin builtin:vite-reporter] 
(!) Some chunks are larger than 500 kB after minification. Consider:
- Using dynamic import() to code-split the application
- Use build.rolldownOptions.output.codeSplitting to improve chunking: https://rolldown.rs/reference/OutputOptions.codeSplitting
- Adjust chunk size limit for this warning via build.chunkSizeWarningLimit.
