[INFO] Scanning for projects...
[INFO] 
[INFO] ------------------< com.gypport:gystigo-host-runtime >------------------
[INFO] Building  0.1.0-SNAPSHOT
[INFO]   from pom.xml
[INFO] --------------------------------[ jar ]---------------------------------
[INFO] 
[INFO] --- resources:3.5.0:resources (default-resources) @ gystigo-host-runtime ---
[INFO] Copying 1 resource from src\main\resources to target\classes
[INFO] Copying 39 resources from ..\..\database\core\migration to target\classes\db\migration
[INFO] Copying 16 resources from ..\..\database\modules\gm-expenses\migration to target\classes\db\migration
[INFO] Copying 4 resources from ..\..\database\modules\gm-fleets\migration to target\classes\db\migration
[INFO] Copying 5 resources from ..\..\database\modules\gm-fuel-stations\migration to target\classes\db\migration
[INFO] 
[INFO] --- compiler:3.15.0:compile (default-compile) @ gystigo-host-runtime ---
[INFO] Nothing to compile - all classes are up to date.
[INFO] 
[INFO] --- resources:3.5.0:testResources (default-testResources) @ gystigo-host-runtime ---
[INFO] Copying 3 resources from src\test\resources to target\test-classes
[INFO] 
[INFO] --- compiler:3.15.0:testCompile (default-testCompile) @ gystigo-host-runtime ---
[INFO] Nothing to compile - all classes are up to date.
[INFO] 
[INFO] --- surefire:3.5.6:test (default-test) @ gystigo-host-runtime ---
[INFO] Tests are skipped.
[INFO] 
[INFO] --- jar:3.5.0:jar (default-jar) @ gystigo-host-runtime ---
[INFO] Building jar: D:\NZXTG7\GYPPORT\GYPPORT ERP\GYPPORT\Gystigo\platform_os\server\target\gystigo-host-runtime-0.1.0-SNAPSHOT.jar
[INFO] 
[INFO] --- spring-boot:4.1.0:repackage (default) @ gystigo-host-runtime ---
[INFO] Replacing main artifact D:\NZXTG7\GYPPORT\GYPPORT ERP\GYPPORT\Gystigo\platform_os\server\target\gystigo-host-runtime-0.1.0-SNAPSHOT.jar with repackaged archive, adding nested dependencies in BOOT-INF/.
[INFO] The original artifact has been renamed to D:\NZXTG7\GYPPORT\GYPPORT ERP\GYPPORT\Gystigo\platform_os\server\target\gystigo-host-runtime-0.1.0-SNAPSHOT.jar.original
[INFO] ------------------------------------------------------------------------
[INFO] BUILD SUCCESS
[INFO] ------------------------------------------------------------------------
[INFO] Total time:  5.115 s
[INFO] Finished at: 2026-09-16T23:09:39-05:00
[INFO] ------------------------------------------------------------------------
