[INFO] Scanning for projects...
[INFO] 
[INFO] ------------------< com.gypport:gystigo-host-runtime >------------------
[INFO] Building  0.1.0-SNAPSHOT
[INFO]   from pom.xml
[INFO] --------------------------------[ jar ]---------------------------------
[INFO] 
[INFO] --- resources:3.5.0:resources (default-resources) @ gystigo-host-runtime ---
[INFO] Copying 1 resource from src\main\resources to target\classes
[INFO] Copying 39 resources from ..\..\database\core\migration to target\classes\db\migration
[INFO] Copying 16 resources from ..\..\database\modules\gm-expenses\migration to target\classes\db\migration
[INFO] Copying 4 resources from ..\..\database\modules\gm-fleets\migration to target\classes\db\migration
[INFO] Copying 5 resources from ..\..\database\modules\gm-fuel-stations\migration to target\classes\db\migration
[INFO] 
[INFO] --- compiler:3.15.0:compile (default-compile) @ gystigo-host-runtime ---
[INFO] Nothing to compile - all classes are up to date.
[INFO] 
[INFO] --- resources:3.5.0:testResources (default-testResources) @ gystigo-host-runtime ---
[INFO] Copying 3 resources from src\test\resources to target\test-classes
[INFO] 
[INFO] --- compiler:3.15.0:testCompile (default-testCompile) @ gystigo-host-runtime ---
[INFO] Nothing to compile - all classes are up to date.
[INFO] 
[INFO] --- surefire:3.5.6:test (default-test) @ gystigo-host-runtime ---
[INFO] Using auto detected provider org.apache.maven.surefire.junitplatform.JUnitPlatformProvider
[INFO] 
[INFO] -------------------------------------------------------
[INFO]  T E S T S
[INFO] -------------------------------------------------------
[INFO] Running com.gypport.server.module.expenses.ExpenseCasePermissionTest
mvnw.cmd : Mockito is currently self-attaching to enable the inline-mock-maker. This will no longer work in future 
releases of the JDK. Please add Mockito as an agent to your build as described in Mockito's documentation: 
https://javadoc.io/doc/org.mockito/mockito-core/latest/org.mockito/org/mockito/Mockito.html#0.3
En línea: 1 Carácter: 534
+ ... -unit.log"; & $mvnw -B -f "D:\NZXTG7\GYPPORT\GYPPORT ERP\GYPPORT\Gyst ...
+                 ~~~~~~~~~~~~~~~~~~~~~~~~~~~~~~~~~~~~~~~~~~~~~~~~~~~~~~~~~
    + CategoryInfo          : NotSpecified: (Mockito is curr...ockito.html#0.3:String) [], RemoteException
    + FullyQualifiedErrorId : NativeCommandError
 
WARNING: A Java agent has been loaded dynamically 
(C:\Users\elbur\.m2\repository\net\bytebuddy\byte-buddy-agent\1.18.10\byte-buddy-agent-1.18.10.jar)
WARNING: If a serviceability tool is in use, please run with -XX:+EnableDynamicAgentLoading to hide this warning
WARNING: If a serviceability tool is not in use, please run with -Djdk.instrument.traceUsage for more information
WARNING: Dynamic loading of agents will be disallowed by default in a future release
Java HotSpot(TM) 64-Bit Server VM warning: Sharing is only supported for boot loader classes because bootstrap 
classpath has been appended
[INFO] Tests run: 6, Failures: 0, Errors: 0, Skipped: 0, Time elapsed: 1.553 s -- in com.gypport.server.module.expenses.ExpenseCasePermissionTest
[INFO] 
[INFO] Results:
[INFO] 
[INFO] Tests run: 6, Failures: 0, Errors: 0, Skipped: 0
[INFO] 
[INFO] ------------------------------------------------------------------------
[INFO] BUILD SUCCESS
[INFO] ------------------------------------------------------------------------
[INFO] Total time:  5.899 s
[INFO] Finished at: 2026-09-16T22:58:17-05:00
[INFO] ------------------------------------------------------------------------
