[INFO] Scanning for projects...
[INFO] 
[INFO] ----------------------< com.gypport:gm-expenses >-----------------------
[INFO] Building gm-expenses 0.1.0-SNAPSHOT
[INFO]   from pom.xml
[INFO] --------------------------------[ jar ]---------------------------------
[INFO] 
[INFO] --- resources:3.4.0:resources (default-resources) @ gm-expenses ---
[INFO] skip non existing resourceDirectory D:\NZXTG7\GYPPORT\GYPPORT ERP\GYPPORT\Modules\gm-expenses\src\main\resources
[INFO] 
[INFO] --- compiler:3.15.0:compile (default-compile) @ gm-expenses ---
[INFO] Nothing to compile - all classes are up to date.
[INFO] 
[INFO] --- resources:3.4.0:testResources (default-testResources) @ gm-expenses ---
[INFO] skip non existing resourceDirectory D:\NZXTG7\GYPPORT\GYPPORT ERP\GYPPORT\Modules\gm-expenses\src\test\resources
[INFO] 
[INFO] --- compiler:3.15.0:testCompile (default-testCompile) @ gm-expenses ---
[INFO] Nothing to compile - all classes are up to date.
[INFO] 
[INFO] --- surefire:3.5.6:test (default-test) @ gm-expenses ---
[INFO] Tests are skipped.
[INFO] 
[INFO] --- jar:3.5.0:jar (default-jar) @ gm-expenses ---
[INFO] Building jar: D:\NZXTG7\GYPPORT\GYPPORT ERP\GYPPORT\Modules\gm-expenses\target\gm-expenses-0.1.0-SNAPSHOT.jar
[INFO] 
[INFO] --- install:3.1.4:install (default-install) @ gm-expenses ---
[INFO] Installing D:\NZXTG7\GYPPORT\GYPPORT ERP\GYPPORT\Modules\gm-expenses\pom.xml to C:\Users\elbur\.m2\repository\com\gypport\gm-expenses\0.1.0-SNAPSHOT\gm-expenses-0.1.0-SNAPSHOT.pom
[INFO] Installing D:\NZXTG7\GYPPORT\GYPPORT ERP\GYPPORT\Modules\gm-expenses\target\gm-expenses-0.1.0-SNAPSHOT.jar to C:\Users\elbur\.m2\repository\com\gypport\gm-expenses\0.1.0-SNAPSHOT\gm-expenses-0.1.0-SNAPSHOT.jar
[INFO] ------------------------------------------------------------------------
[INFO] BUILD SUCCESS
[INFO] ------------------------------------------------------------------------
[INFO] Total time:  3.333 s
[INFO] Finished at: 2026-09-16T19:57:33-05:00
[INFO] ------------------------------------------------------------------------
